[dotenv@17.3.1] injecting env (0) from .env -- tip: ΓÜí∩╕Å secrets for agents: https://dotenvx.com/as2
≡ƒÜÇ Starting HMS Sync Verification Tests...
LlmProvider initialized
NVIDIA Base URL: https://integrate.api.nvidia.com/v1
NVIDIA LLM Model: meta/llama-3.1-8b-instruct
NVIDIA Embedding Model: baai/bge-m3

--- Test 1: Doctor Biography (Vector) ---
{"level":20,"time":"2026-03-30T10:37:59.616Z","service":"doctor-healix-ai-service","environment":"development","name":"doctor-healix-ai-service","description":"create_chat_session","valueCount":3,"msg":"Executing tenant-safe SQL query"}
{"level":20,"time":"2026-03-30T10:37:59.641Z","service":"doctor-healix-ai-service","environment":"development","name":"doctor-healix-ai-service","description":"create_chat_session","rows":{"fieldCount":0,"affectedRows":1,"insertId":0,"info":"","serverStatus":2,"warningStatus":0,"changedRows":0},"msg":"SQL query execution complete"}
{"level":20,"time":"2026-03-30T10:37:59.641Z","service":"doctor-healix-ai-service","environment":"development","name":"doctor-healix-ai-service","description":"get_chat_history","valueCount":3,"msg":"Executing tenant-safe SQL query"}
{"level":20,"time":"2026-03-30T10:37:59.644Z","service":"doctor-healix-ai-service","environment":"development","name":"doctor-healix-ai-service","description":"get_chat_history","rowCount":0,"rows":[],"msg":"SQL query execution complete"}
{"level":40,"time":"2026-03-30T10:38:01.584Z","service":"doctor-healix-ai-service","environment":"development","name":"doctor-healix-ai-service","provider":"openai","error":"429 You exceeded your current quota, please check your plan and billing details. For more information on this error, read the docs: https://platform.openai.com/docs/guides/error-codes/api-errors.\n\nTroubleshooting URL: https://docs.langchain.com/oss/javascript/langchain/errors/MODEL_RATE_LIMIT/\n","msg":"Structured LLM provider failed, trying next candidate"}
